{
  "artifacts": {
    "assembly-incub-gva-pipeline-Incubator": {
      "type": "cdk:cloud-assembly",
      "properties": {
        "directoryName": "assembly-incub-gva-pipeline-Incubator",
        "displayName": "incub-gva-pipeline/Incubator"
      }
    },
    "Tree": {
      "type": "cdk:tree",
      "properties": {
        "file": "tree.json"
      }
    },
    "incub-gva-pipeline.assets": {
      "type": "cdk:asset-manifest",
      "properties": {
        "file": "incub-gva-pipeline.assets.json",
        "requiresBootstrapStackVersion": 6,
        "bootstrapStackVersionSsmParameter": "/cdk-bootstrap/liflig/version"
      }
    },
    "incub-gva-pipeline": {
      "type": "aws:cloudformation:stack",
      "environment": "aws://001112238813/eu-west-1",
      "properties": {
        "templateFile": "incub-gva-pipeline.template.json",
        "tags": {
          "Project": "git-visualized-activity",
          "SourceRepo": "github/capraconsulting/git-visualized-activity",
          "StackName": "incub-gva-pipeline"
        },
        "validateOnSynth": false,
        "assumeRoleArn": "arn:${AWS::Partition}:iam::001112238813:role/cdk-liflig-deploy-role-001112238813-eu-west-1",
        "cloudFormationExecutionRoleArn": "arn:${AWS::Partition}:iam::001112238813:role/cdk-liflig-cfn-exec-role-001112238813-eu-west-1",
        "stackTemplateAssetObjectUrl": "s3://cdk-liflig-assets-001112238813-eu-west-1/snapshot-value.json",
        "requiresBootstrapStackVersion": 6,
        "bootstrapStackVersionSsmParameter": "/cdk-bootstrap/liflig/version",
        "additionalDependencies": [
          "incub-gva-pipeline.assets"
        ],
        "lookupRole": {
          "arn": "arn:${AWS::Partition}:iam::001112238813:role/cdk-liflig-lookup-role-001112238813-eu-west-1",
          "requiresBootstrapStackVersion": 8,
          "bootstrapStackVersionSsmParameter": "/cdk-bootstrap/liflig/version"
        }
      },
      "dependencies": [
        "cross-region-stack-001112238813:us-east-1",
        "incub-gva-pipeline.assets"
      ],
      "metadata": {
        "/incub-gva-pipeline": [
          {
            "type": "aws:cdk:stack-tags",
            "data": [
              {
                "Key": "Project",
                "Value": "git-visualized-activity"
              },
              {
                "Key": "SourceRepo",
                "Value": "github/capraconsulting/git-visualized-activity"
              },
              {
                "Key": "StackName",
                "Value": "incub-gva-pipeline"
              }
            ]
          }
        ],
        "/incub-gva-pipeline/Pipeline/CloudAssemblyLookupFn/ServiceRole/Resource": [
          {
            "type": "aws:cdk:logicalId",
            "data": "PipelineCloudAssemblyLookupFnServiceRole2FDEF095"
          }
        ],
        "/incub-gva-pipeline/Pipeline/CloudAssemblyLookupFn/ServiceRole/DefaultPolicy/Resource": [
          {
            "type": "aws:cdk:logicalId",
            "data": "PipelineCloudAssemblyLookupFnServiceRoleDefaultPolicy2F7C48B6"
          }
        ],
        "/incub-gva-pipeline/Pipeline/CloudAssemblyLookupFn/Resource": [
          {
            "type": "aws:cdk:logicalId",
            "data": "PipelineCloudAssemblyLookupFn679FAA51"
          }
        ],
        "/incub-gva-pipeline/Pipeline/CodePipeline/ArtifactsBucketEncryptionKey/Resource": [
          {
            "type": "aws:cdk:logicalId",
            "data": "PipelineCodePipelineArtifactsBucketEncryptionKey0E77C3AE"
          }
        ],
        "/incub-gva-pipeline/Pipeline/CodePipeline/ArtifactsBucketEncryptionKeyAlias/Resource": [
          {
            "type": "aws:cdk:logicalId",
            "data": "PipelineCodePipelineArtifactsBucketEncryptionKeyAlias3EF3F23B"
          }
        ],
        "/incub-gva-pipeline/Pipeline/CodePipeline/ArtifactsBucket/Resource": [
          {
            "type": "aws:cdk:logicalId",
            "data": "PipelineCodePipelineArtifactsBucket9E5E7047"
          }
        ],
        "/incub-gva-pipeline/Pipeline/CodePipeline/ArtifactsBucket/Policy/Resource": [
          {
            "type": "aws:cdk:logicalId",
            "data": "PipelineCodePipelineArtifactsBucketPolicyDD5F42B2"
          }
        ],
        "/incub-gva-pipeline/Pipeline/CodePipeline/Role/Resource": [
          {
            "type": "aws:cdk:logicalId",
            "data": "PipelineCodePipelineRoleEE058E60"
          }
        ],
        "/incub-gva-pipeline/Pipeline/CodePipeline/Role/DefaultPolicy/Resource": [
          {
            "type": "aws:cdk:logicalId",
            "data": "PipelineCodePipelineRoleDefaultPolicy37C67326"
          }
        ],
        "/incub-gva-pipeline/Pipeline/CodePipeline/Resource": [
          {
            "type": "aws:cdk:logicalId",
            "data": "PipelineCodePipeline4FC0E9B7"
          }
        ],
        "/incub-gva-pipeline/Pipeline/CodePipeline/Source/source/CodePipelineActionRole/Resource": [
          {
            "type": "aws:cdk:logicalId",
            "data": "PipelineCodePipelineSourcesourceCodePipelineActionRoleAB26C0AE"
          }
        ],
        "/incub-gva-pipeline/Pipeline/CodePipeline/Source/source/CodePipelineActionRole/DefaultPolicy/Resource": [
          {
            "type": "aws:cdk:logicalId",
            "data": "PipelineCodePipelineSourcesourceCodePipelineActionRoleDefaultPolicy7825EAF4"
          }
        ],
        "/incub-gva-pipeline/Pipeline/CodePipeline/PrepareCloudAssembly/cloud-assembly-lookup/CodePipelineActionRole/Resource": [
          {
            "type": "aws:cdk:logicalId",
            "data": "PipelineCodePipelinePrepareCloudAssemblycloudassemblylookupCodePipelineActionRole52243095"
          }
        ],
        "/incub-gva-pipeline/Pipeline/CodePipeline/PrepareCloudAssembly/cloud-assembly-lookup/CodePipelineActionRole/DefaultPolicy/Resource": [
          {
            "type": "aws:cdk:logicalId",
            "data": "PipelineCodePipelinePrepareCloudAssemblycloudassemblylookupCodePipelineActionRoleDefaultPolicy901A0F32"
          }
        ],
        "/incub-gva-pipeline/Pipeline/CodePipeline/UpdatePipeline/SelfMutate/CodePipelineActionRole/Resource": [
          {
            "type": "aws:cdk:logicalId",
            "data": "PipelineCodePipelineUpdatePipelineSelfMutateCodePipelineActionRole16D29A61"
          }
        ],
        "/incub-gva-pipeline/Pipeline/CodePipeline/UpdatePipeline/SelfMutate/CodePipelineActionRole/DefaultPolicy/Resource": [
          {
            "type": "aws:cdk:logicalId",
            "data": "PipelineCodePipelineUpdatePipelineSelfMutateCodePipelineActionRoleDefaultPolicyAA04AE0A"
          }
        ],
        "/incub-gva-pipeline/Pipeline/CodePipeline/Assets/DockerAsset1/CodePipelineActionRole/Resource": [
          {
            "type": "aws:cdk:logicalId",
            "data": "PipelineCodePipelineAssetsDockerAsset1CodePipelineActionRoleDB8BF8CD"
          }
        ],
        "/incub-gva-pipeline/Pipeline/CodePipeline/Assets/DockerAsset1/CodePipelineActionRole/DefaultPolicy/Resource": [
          {
            "type": "aws:cdk:logicalId",
            "data": "PipelineCodePipelineAssetsDockerAsset1CodePipelineActionRoleDefaultPolicy73D4A7FF"
          }
        ],
        "/incub-gva-pipeline/Pipeline/CodePipeline/Assets/FileAsset1/CodePipelineActionRole/Resource": [
          {
            "type": "aws:cdk:logicalId",
            "data": "PipelineCodePipelineAssetsFileAsset1CodePipelineActionRoleD7717BFB"
          }
        ],
        "/incub-gva-pipeline/Pipeline/CodePipeline/Assets/FileAsset1/CodePipelineActionRole/DefaultPolicy/Resource": [
          {
            "type": "aws:cdk:logicalId",
            "data": "PipelineCodePipelineAssetsFileAsset1CodePipelineActionRoleDefaultPolicy5D55BF7B"
          }
        ],
        "/incub-gva-pipeline/Pipeline/CodePipeline/Assets/FileAsset10/CodePipelineActionRole/Resource": [
          {
            "type": "aws:cdk:logicalId",
            "data": "PipelineCodePipelineAssetsFileAsset10CodePipelineActionRole0AD20E8F"
          }
        ],
        "/incub-gva-pipeline/Pipeline/CodePipeline/Assets/FileAsset10/CodePipelineActionRole/DefaultPolicy/Resource": [
          {
            "type": "aws:cdk:logicalId",
            "data": "PipelineCodePipelineAssetsFileAsset10CodePipelineActionRoleDefaultPolicyB27D1C2A"
          }
        ],
        "/incub-gva-pipeline/Pipeline/CodePipeline/Assets/FileAsset11/CodePipelineActionRole/Resource": [
          {
            "type": "aws:cdk:logicalId",
            "data": "PipelineCodePipelineAssetsFileAsset11CodePipelineActionRole09B0CA4C"
          }
        ],
        "/incub-gva-pipeline/Pipeline/CodePipeline/Assets/FileAsset11/CodePipelineActionRole/DefaultPolicy/Resource": [
          {
            "type": "aws:cdk:logicalId",
            "data": "PipelineCodePipelineAssetsFileAsset11CodePipelineActionRoleDefaultPolicy2CA58350"
          }
        ],
        "/incub-gva-pipeline/Pipeline/CodePipeline/Assets/FileAsset2/CodePipelineActionRole/Resource": [
          {
            "type": "aws:cdk:logicalId",
            "data": "PipelineCodePipelineAssetsFileAsset2CodePipelineActionRole390B517C"
          }
        ],
        "/incub-gva-pipeline/Pipeline/CodePipeline/Assets/FileAsset2/CodePipelineActionRole/DefaultPolicy/Resource": [
          {
            "type": "aws:cdk:logicalId",
            "data": "PipelineCodePipelineAssetsFileAsset2CodePipelineActionRoleDefaultPolicy4C6C8FD2"
          }
        ],
        "/incub-gva-pipeline/Pipeline/CodePipeline/Assets/FileAsset3/CodePipelineActionRole/Resource": [
          {
            "type": "aws:cdk:logicalId",
            "data": "PipelineCodePipelineAssetsFileAsset3CodePipelineActionRole973E341A"
          }
        ],
        "/incub-gva-pipeline/Pipeline/CodePipeline/Assets/FileAsset3/CodePipelineActionRole/DefaultPolicy/Resource": [
          {
            "type": "aws:cdk:logicalId",
            "data": "PipelineCodePipelineAssetsFileAsset3CodePipelineActionRoleDefaultPolicy866A508A"
          }
        ],
        "/incub-gva-pipeline/Pipeline/CodePipeline/Assets/FileAsset4/CodePipelineActionRole/Resource": [
          {
            "type": "aws:cdk:logicalId",
            "data": "PipelineCodePipelineAssetsFileAsset4CodePipelineActionRole45B49772"
          }
        ],
        "/incub-gva-pipeline/Pipeline/CodePipeline/Assets/FileAsset4/CodePipelineActionRole/DefaultPolicy/Resource": [
          {
            "type": "aws:cdk:logicalId",
            "data": "PipelineCodePipelineAssetsFileAsset4CodePipelineActionRoleDefaultPolicyB65215B7"
          }
        ],
        "/incub-gva-pipeline/Pipeline/CodePipeline/Assets/FileAsset5/CodePipelineActionRole/Resource": [
          {
            "type": "aws:cdk:logicalId",
            "data": "PipelineCodePipelineAssetsFileAsset5CodePipelineActionRoleF8FD2661"
          }
        ],
        "/incub-gva-pipeline/Pipeline/CodePipeline/Assets/FileAsset5/CodePipelineActionRole/DefaultPolicy/Resource": [
          {
            "type": "aws:cdk:logicalId",
            "data": "PipelineCodePipelineAssetsFileAsset5CodePipelineActionRoleDefaultPolicy9F63A19D"
          }
        ],
        "/incub-gva-pipeline/Pipeline/CodePipeline/Assets/FileAsset6/CodePipelineActionRole/Resource": [
          {
            "type": "aws:cdk:logicalId",
            "data": "PipelineCodePipelineAssetsFileAsset6CodePipelineActionRole66490FBC"
          }
        ],
        "/incub-gva-pipeline/Pipeline/CodePipeline/Assets/FileAsset6/CodePipelineActionRole/DefaultPolicy/Resource": [
          {
            "type": "aws:cdk:logicalId",
            "data": "PipelineCodePipelineAssetsFileAsset6CodePipelineActionRoleDefaultPolicyF2D58733"
          }
        ],
        "/incub-gva-pipeline/Pipeline/CodePipeline/Assets/FileAsset7/CodePipelineActionRole/Resource": [
          {
            "type": "aws:cdk:logicalId",
            "data": "PipelineCodePipelineAssetsFileAsset7CodePipelineActionRole78199B1B"
          }
        ],
        "/incub-gva-pipeline/Pipeline/CodePipeline/Assets/FileAsset7/CodePipelineActionRole/DefaultPolicy/Resource": [
          {
            "type": "aws:cdk:logicalId",
            "data": "PipelineCodePipelineAssetsFileAsset7CodePipelineActionRoleDefaultPolicy2E9CB398"
          }
        ],
        "/incub-gva-pipeline/Pipeline/CodePipeline/Assets/FileAsset8/CodePipelineActionRole/Resource": [
          {
            "type": "aws:cdk:logicalId",
            "data": "PipelineCodePipelineAssetsFileAsset8CodePipelineActionRole3794A7D2"
          }
        ],
        "/incub-gva-pipeline/Pipeline/CodePipeline/Assets/FileAsset8/CodePipelineActionRole/DefaultPolicy/Resource": [
          {
            "type": "aws:cdk:logicalId",
            "data": "PipelineCodePipelineAssetsFileAsset8CodePipelineActionRoleDefaultPolicyBAB82A39"
          }
        ],
        "/incub-gva-pipeline/Pipeline/CodePipeline/Assets/FileAsset9/CodePipelineActionRole/Resource": [
          {
            "type": "aws:cdk:logicalId",
            "data": "PipelineCodePipelineAssetsFileAsset9CodePipelineActionRoleA9D07F2E"
          }
        ],
        "/incub-gva-pipeline/Pipeline/CodePipeline/Assets/FileAsset9/CodePipelineActionRole/DefaultPolicy/Resource": [
          {
            "type": "aws:cdk:logicalId",
            "data": "PipelineCodePipelineAssetsFileAsset9CodePipelineActionRoleDefaultPolicyA33E0AA6"
          }
        ],
        "/incub-gva-pipeline/Pipeline/CdkPipeline/UpdatePipeline/SelfMutation/Role/Resource": [
          {
            "type": "aws:cdk:logicalId",
            "data": "PipelineCdkPipelineUpdatePipelineSelfMutationRole91D6CBA8"
          }
        ],
        "/incub-gva-pipeline/Pipeline/CdkPipeline/UpdatePipeline/SelfMutation/Role/DefaultPolicy/Resource": [
          {
            "type": "aws:cdk:logicalId",
            "data": "PipelineCdkPipelineUpdatePipelineSelfMutationRoleDefaultPolicy128B1173"
          }
        ],
        "/incub-gva-pipeline/Pipeline/CdkPipeline/UpdatePipeline/SelfMutation/Resource": [
          {
            "type": "aws:cdk:logicalId",
            "data": "PipelineCdkPipelineUpdatePipelineSelfMutation3D8B717E"
          }
        ],
        "/incub-gva-pipeline/Pipeline/CdkPipeline/Assets/DockerRole/Resource": [
          {
            "type": "aws:cdk:logicalId",
            "data": "PipelineCdkPipelineAssetsDockerRole064148FF"
          }
        ],
        "/incub-gva-pipeline/Pipeline/CdkPipeline/Assets/DockerRole/DefaultPolicy/Resource": [
          {
            "type": "aws:cdk:logicalId",
            "data": "PipelineCdkPipelineAssetsDockerRoleDefaultPolicy19BE8BF8"
          }
        ],
        "/incub-gva-pipeline/Pipeline/CdkPipeline/Assets/DockerAsset1/Resource": [
          {
            "type": "aws:cdk:logicalId",
            "data": "PipelineCdkPipelineAssetsDockerAsset1EC210797"
          }
        ],
        "/incub-gva-pipeline/Pipeline/CdkPipeline/Assets/FileRole/Resource": [
          {
            "type": "aws:cdk:logicalId",
            "data": "PipelineCdkPipelineAssetsFileRole0474FB57"
          }
        ],
        "/incub-gva-pipeline/Pipeline/CdkPipeline/Assets/FileRole/DefaultPolicy/Resource": [
          {
            "type": "aws:cdk:logicalId",
            "data": "PipelineCdkPipelineAssetsFileRoleDefaultPolicy2EB63D68"
          }
        ],
        "/incub-gva-pipeline/Pipeline/CdkPipeline/Assets/FileAsset1/Resource": [
          {
            "type": "aws:cdk:logicalId",
            "data": "PipelineCdkPipelineAssetsFileAsset151D3981E"
          }
        ],
        "/incub-gva-pipeline/Pipeline/CdkPipeline/Assets/FileAsset10/Resource": [
          {
            "type": "aws:cdk:logicalId",
            "data": "PipelineCdkPipelineAssetsFileAsset106A5B75BE"
          }
        ],
        "/incub-gva-pipeline/Pipeline/CdkPipeline/Assets/FileAsset11/Resource": [
          {
            "type": "aws:cdk:logicalId",
            "data": "PipelineCdkPipelineAssetsFileAsset1160F0FA56"
          }
        ],
        "/incub-gva-pipeline/Pipeline/CdkPipeline/Assets/FileAsset2/Resource": [
          {
            "type": "aws:cdk:logicalId",
            "data": "PipelineCdkPipelineAssetsFileAsset2207E4C42"
          }
        ],
        "/incub-gva-pipeline/Pipeline/CdkPipeline/Assets/FileAsset3/Resource": [
          {
            "type": "aws:cdk:logicalId",
            "data": "PipelineCdkPipelineAssetsFileAsset31CF4901A"
          }
        ],
        "/incub-gva-pipeline/Pipeline/CdkPipeline/Assets/FileAsset4/Resource": [
          {
            "type": "aws:cdk:logicalId",
            "data": "PipelineCdkPipelineAssetsFileAsset4908CCAA5"
          }
        ],
        "/incub-gva-pipeline/Pipeline/CdkPipeline/Assets/FileAsset5/Resource": [
          {
            "type": "aws:cdk:logicalId",
            "data": "PipelineCdkPipelineAssetsFileAsset5AAB63076"
          }
        ],
        "/incub-gva-pipeline/Pipeline/CdkPipeline/Assets/FileAsset6/Resource": [
          {
            "type": "aws:cdk:logicalId",
            "data": "PipelineCdkPipelineAssetsFileAsset6BD52B215"
          }
        ],
        "/incub-gva-pipeline/Pipeline/CdkPipeline/Assets/FileAsset7/Resource": [
          {
            "type": "aws:cdk:logicalId",
            "data": "PipelineCdkPipelineAssetsFileAsset712CD7925"
          }
        ],
        "/incub-gva-pipeline/Pipeline/CdkPipeline/Assets/FileAsset8/Resource": [
          {
            "type": "aws:cdk:logicalId",
            "data": "PipelineCdkPipelineAssetsFileAsset8AA34989C"
          }
        ],
        "/incub-gva-pipeline/Pipeline/CdkPipeline/Assets/FileAsset9/Resource": [
          {
            "type": "aws:cdk:logicalId",
            "data": "PipelineCdkPipelineAssetsFileAsset9E9701DDD"
          }
        ],
        "/incub-gva-pipeline/BootstrapVersion": [
          {
            "type": "aws:cdk:logicalId",
            "data": "BootstrapVersion"
          }
        ],
        "/incub-gva-pipeline/CheckBootstrapVersion": [
          {
            "type": "aws:cdk:logicalId",
            "data": "CheckBootstrapVersion"
          }
        ]
      },
      "displayName": "incub-gva-pipeline"
    },
    "cross-region-stack-001112238813:us-east-1": {
      "type": "aws:cloudformation:stack",
      "environment": "aws://001112238813/us-east-1",
      "properties": {
        "templateFile": "cross-region-stack-001112238813:us-east-1.template.json",
        "validateOnSynth": false,
        "assumeRoleArn": "arn:${AWS::Partition}:iam::001112238813:role/cdk-liflig-deploy-role-001112238813-eu-west-1",
        "cloudFormationExecutionRoleArn": "arn:${AWS::Partition}:iam::001112238813:role/cdk-liflig-cfn-exec-role-001112238813-eu-west-1",
        "stackName": "incub-gva-pipeline-support-us-east-1"
      },
      "metadata": {
        "/cross-region-stack-001112238813:us-east-1/Default/CrossRegionCodePipelineReplicationBucketEncryptionKey/Resource": [
          {
            "type": "aws:cdk:logicalId",
            "data": "CrossRegionCodePipelineReplicationBucketEncryptionKey70216490"
          }
        ],
        "/cross-region-stack-001112238813:us-east-1/Default/CrossRegionCodePipelineReplicationBucketEncryptionAlias/Resource": [
          {
            "type": "aws:cdk:logicalId",
            "data": "CrossRegionCodePipelineReplicationBucketEncryptionAliasF1A0F37D"
          }
        ],
        "/cross-region-stack-001112238813:us-east-1/Default/CrossRegionCodePipelineReplicationBucket/Resource": [
          {
            "type": "aws:cdk:logicalId",
            "data": "CrossRegionCodePipelineReplicationBucketFC3227F2"
          }
        ],
        "/cross-region-stack-001112238813:us-east-1/Default/CrossRegionCodePipelineReplicationBucket/Policy/Resource": [
          {
            "type": "aws:cdk:logicalId",
            "data": "CrossRegionCodePipelineReplicationBucketPolicyB7BA2BCA"
          }
        ]
      },
      "displayName": "cross-region-stack-001112238813:us-east-1"
    }
  }
}