{
  "Resources": {
    "ClusterEB0386A7": {
      "Type": "AWS::ECS::Cluster",
      "Properties": {
        "Tags": [
          {
            "Key": "Project",
            "Value": "git-visualized-activity"
          },
          {
            "Key": "SourceRepo",
            "Value": "github/capraconsulting/git-visualized-activity"
          },
          {
            "Key": "StackName",
            "Value": "incub-gva-worker"
          }
        ]
      },
      "Metadata": {
        "aws:cdk:path": "incub-gva-pipeline/Incubator/incub-gva-worker/Cluster/Resource"
      }
    },
    "LogGroupF5B46931": {
      "Type": "AWS::Logs::LogGroup",
      "Properties": {
        "RetentionInDays": 30,
        "Tags": [
          {
            "Key": "Project",
            "Value": "git-visualized-activity"
          },
          {
            "Key": "SourceRepo",
            "Value": "github/capraconsulting/git-visualized-activity"
          },
          {
            "Key": "StackName",
            "Value": "incub-gva-worker"
          }
        ]
      },
      "UpdateReplacePolicy": "Retain",
      "DeletionPolicy": "Retain",
      "Metadata": {
        "aws:cdk:path": "incub-gva-pipeline/Incubator/incub-gva-worker/LogGroup/Resource"
      }
    },
    "TaskDefTaskRole1EDB4A67": {
      "Type": "AWS::IAM::Role",
      "Properties": {
        "AssumeRolePolicyDocument": {
          "Statement": [
            {
              "Action": "sts:AssumeRole",
              "Effect": "Allow",
              "Principal": {
                "Service": "ecs-tasks.amazonaws.com"
              }
            }
          ],
          "Version": "2012-10-17"
        },
        "Tags": [
          {
            "Key": "Project",
            "Value": "git-visualized-activity"
          },
          {
            "Key": "SourceRepo",
            "Value": "github/capraconsulting/git-visualized-activity"
          },
          {
            "Key": "StackName",
            "Value": "incub-gva-worker"
          }
        ]
      },
      "Metadata": {
        "aws:cdk:path": "incub-gva-pipeline/Incubator/incub-gva-worker/TaskDef/TaskRole/Resource"
      }
    },
    "TaskDefTaskRoleDefaultPolicyA592CB18": {
      "Type": "AWS::IAM::Policy",
      "Properties": {
        "PolicyDocument": {
          "Statement": [
            {
              "Action": "s3:PutObject",
              "Effect": "Allow",
              "Resource": {
                "Fn::Join": [
                  "",
                  [
                    "arn:",
                    {
                      "Ref": "AWS::Partition"
                    },
                    ":s3:::",
                    {
                      "Fn::ImportValue": "incub-gva-web:ExportsOutputRefWebWebBucketAF209868DA1CE065"
                    },
                    "/*"
                  ]
                ]
              }
            },
            {
              "Action": "cloudfront:CreateInvalidation",
              "Effect": "Allow",
              "Resource": "*"
            },
            {
              "Action": [
                "ssm:GetParameter",
                "ssm:GetParameters"
              ],
              "Effect": "Allow",
              "Resource": "arn:aws:ssm:eu-west-1:001112238813:parameter/incub-gva-worker/*"
            }
          ],
          "Version": "2012-10-17"
        },
        "PolicyName": "TaskDefTaskRoleDefaultPolicyA592CB18",
        "Roles": [
          {
            "Ref": "TaskDefTaskRole1EDB4A67"
          }
        ]
      },
      "Metadata": {
        "aws:cdk:path": "incub-gva-pipeline/Incubator/incub-gva-worker/TaskDef/TaskRole/DefaultPolicy/Resource"
      }
    },
    "TaskDef54694570": {
      "Type": "AWS::ECS::TaskDefinition",
      "Properties": {
        "ContainerDefinitions": [
          {
            "Environment": [
              {
                "Name": "BUCKET_NAME",
                "Value": {
                  "Fn::ImportValue": "incub-gva-web:ExportsOutputRefWebWebBucketAF209868DA1CE065"
                }
              },
              {
                "Name": "CF_DISTRIBUTION",
                "Value": {
                  "Fn::ImportValue": "incub-gva-web:ExportsOutputRefWebDistributionCFDistributionE67D88CAD4DDDA0B"
                }
              },
              {
                "Name": "PARAMS_PREFIX",
                "Value": "/incub-gva-worker"
              }
            ],
            "Essential": true,
            "Image": {
              "Fn::Sub": "001112238813.dkr.ecr.eu-west-1.${AWS::URLSuffix}/cdk-liflig-container-assets-001112238813-eu-west-1:snapshot-value"
            },
            "LogConfiguration": {
              "LogDriver": "awslogs",
              "Options": {
                "awslogs-group": {
                  "Ref": "LogGroupF5B46931"
                },
                "awslogs-stream-prefix": "app",
                "awslogs-region": "eu-west-1"
              }
            },
            "Name": "app"
          }
        ],
        "Cpu": "1024",
        "ExecutionRoleArn": {
          "Fn::GetAtt": [
            "TaskDefExecutionRoleB4775C97",
            "Arn"
          ]
        },
        "Family": "incub-gva-worker",
        "Memory": "2048",
        "NetworkMode": "awsvpc",
        "RequiresCompatibilities": [
          "FARGATE"
        ],
        "Tags": [
          {
            "Key": "Project",
            "Value": "git-visualized-activity"
          },
          {
            "Key": "SourceRepo",
            "Value": "github/capraconsulting/git-visualized-activity"
          },
          {
            "Key": "StackName",
            "Value": "incub-gva-worker"
          }
        ],
        "TaskRoleArn": {
          "Fn::GetAtt": [
            "TaskDefTaskRole1EDB4A67",
            "Arn"
          ]
        }
      },
      "Metadata": {
        "aws:cdk:path": "incub-gva-pipeline/Incubator/incub-gva-worker/TaskDef/Resource"
      }
    },
    "TaskDefExecutionRoleB4775C97": {
      "Type": "AWS::IAM::Role",
      "Properties": {
        "AssumeRolePolicyDocument": {
          "Statement": [
            {
              "Action": "sts:AssumeRole",
              "Effect": "Allow",
              "Principal": {
                "Service": "ecs-tasks.amazonaws.com"
              }
            }
          ],
          "Version": "2012-10-17"
        },
        "Tags": [
          {
            "Key": "Project",
            "Value": "git-visualized-activity"
          },
          {
            "Key": "SourceRepo",
            "Value": "github/capraconsulting/git-visualized-activity"
          },
          {
            "Key": "StackName",
            "Value": "incub-gva-worker"
          }
        ]
      },
      "Metadata": {
        "aws:cdk:path": "incub-gva-pipeline/Incubator/incub-gva-worker/TaskDef/ExecutionRole/Resource"
      }
    },
    "TaskDefExecutionRoleDefaultPolicy0DBB737A": {
      "Type": "AWS::IAM::Policy",
      "Properties": {
        "PolicyDocument": {
          "Statement": [
            {
              "Action": [
                "ecr:BatchCheckLayerAvailability",
                "ecr:GetDownloadUrlForLayer",
                "ecr:BatchGetImage"
              ],
              "Effect": "Allow",
              "Resource": {
                "Fn::Join": [
                  "",
                  [
                    "arn:",
                    {
                      "Ref": "AWS::Partition"
                    },
                    ":ecr:eu-west-1:001112238813:repository/cdk-liflig-container-assets-001112238813-eu-west-1"
                  ]
                ]
              }
            },
            {
              "Action": "ecr:GetAuthorizationToken",
              "Effect": "Allow",
              "Resource": "*"
            },
            {
              "Action": [
                "logs:CreateLogStream",
                "logs:PutLogEvents"
              ],
              "Effect": "Allow",
              "Resource": {
                "Fn::GetAtt": [
                  "LogGroupF5B46931",
                  "Arn"
                ]
              }
            }
          ],
          "Version": "2012-10-17"
        },
        "PolicyName": "TaskDefExecutionRoleDefaultPolicy0DBB737A",
        "Roles": [
          {
            "Ref": "TaskDefExecutionRoleB4775C97"
          }
        ]
      },
      "Metadata": {
        "aws:cdk:path": "incub-gva-pipeline/Incubator/incub-gva-worker/TaskDef/ExecutionRole/DefaultPolicy/Resource"
      }
    },
    "SecurityGroupDD263621": {
      "Type": "AWS::EC2::SecurityGroup",
      "Properties": {
        "GroupDescription": "incub-gva-pipeline/Incubator/incub-gva-worker/SecurityGroup",
        "SecurityGroupEgress": [
          {
            "CidrIp": "0.0.0.0/0",
            "Description": "Allow all outbound traffic by default",
            "IpProtocol": "-1"
          }
        ],
        "Tags": [
          {
            "Key": "Project",
            "Value": "git-visualized-activity"
          },
          {
            "Key": "SourceRepo",
            "Value": "github/capraconsulting/git-visualized-activity"
          },
          {
            "Key": "StackName",
            "Value": "incub-gva-worker"
          }
        ],
        "VpcId": "vpc-0a67807e4aca6bb84"
      },
      "Metadata": {
        "aws:cdk:path": "incub-gva-pipeline/Incubator/incub-gva-worker/SecurityGroup/Resource"
      }
    },
    "LauncherServiceRoleBD2C652A": {
      "Type": "AWS::IAM::Role",
      "Properties": {
        "AssumeRolePolicyDocument": {
          "Statement": [
            {
              "Action": "sts:AssumeRole",
              "Effect": "Allow",
              "Principal": {
                "Service": "lambda.amazonaws.com"
              }
            }
          ],
          "Version": "2012-10-17"
        },
        "ManagedPolicyArns": [
          {
            "Fn::Join": [
              "",
              [
                "arn:",
                {
                  "Ref": "AWS::Partition"
                },
                ":iam::aws:policy/service-role/AWSLambdaBasicExecutionRole"
              ]
            ]
          }
        ],
        "Tags": [
          {
            "Key": "Project",
            "Value": "git-visualized-activity"
          },
          {
            "Key": "SourceRepo",
            "Value": "github/capraconsulting/git-visualized-activity"
          },
          {
            "Key": "StackName",
            "Value": "incub-gva-worker"
          }
        ]
      },
      "Metadata": {
        "aws:cdk:path": "incub-gva-pipeline/Incubator/incub-gva-worker/Launcher/ServiceRole/Resource"
      }
    },
    "LauncherServiceRoleDefaultPolicy66697DD3": {
      "Type": "AWS::IAM::Policy",
      "Properties": {
        "PolicyDocument": {
          "Statement": [
            {
              "Action": "ecs:RunTask",
              "Condition": {
                "ArnEquals": {
                  "ecs:cluster": {
                    "Fn::GetAtt": [
                      "ClusterEB0386A7",
                      "Arn"
                    ]
                  }
                }
              },
              "Effect": "Allow",
              "Resource": {
                "Ref": "TaskDef54694570"
              }
            },
            {
              "Action": "iam:PassRole",
              "Effect": "Allow",
              "Resource": [
                {
                  "Fn::GetAtt": [
                    "TaskDefTaskRole1EDB4A67",
                    "Arn"
                  ]
                },
                {
                  "Fn::GetAtt": [
                    "TaskDefExecutionRoleB4775C97",
                    "Arn"
                  ]
                }
              ]
            }
          ],
          "Version": "2012-10-17"
        },
        "PolicyName": "LauncherServiceRoleDefaultPolicy66697DD3",
        "Roles": [
          {
            "Ref": "LauncherServiceRoleBD2C652A"
          }
        ]
      },
      "Metadata": {
        "aws:cdk:path": "incub-gva-pipeline/Incubator/incub-gva-worker/Launcher/ServiceRole/DefaultPolicy/Resource"
      }
    },
    "LauncherDC0405AA": {
      "Type": "AWS::Lambda::Function",
      "Properties": {
        "Code": {
          "ZipFile": "exports.handler = async () => {\n    // eslint-disable-next-line @typescript-eslint/no-var-requires\n    const AWS = require(\"aws-sdk\");\n    const ecs = new AWS.ECS();\n    await ecs\n        .runTask({\n        // eslint-disable-next-line @typescript-eslint/no-non-null-assertion\n        cluster: process.env[\"CLUSTER_NAME\"],\n        launchType: \"FARGATE\",\n        // eslint-disable-next-line @typescript-eslint/no-non-null-assertion\n        taskDefinition: process.env[\"TASK_DEFINITION\"],\n        count: 1,\n        platformVersion: \"LATEST\",\n        networkConfiguration: {\n            awsvpcConfiguration: {\n                // eslint-disable-next-line @typescript-eslint/no-non-null-assertion\n                subnets: process.env[\"SUBNETS\"].split(\",\"),\n                // eslint-disable-next-line @typescript-eslint/no-non-null-assertion\n                securityGroups: process.env[\"SECURITY_GROUPS\"].split(\",\"),\n                assignPublicIp: \"ENABLED\",\n            },\n        },\n    })\n        .promise();\n};"
        },
        "Role": {
          "Fn::GetAtt": [
            "LauncherServiceRoleBD2C652A",
            "Arn"
          ]
        },
        "Environment": {
          "Variables": {
            "CLUSTER_NAME": {
              "Ref": "ClusterEB0386A7"
            },
            "SUBNETS": "subnet-07e2239d3d09b9759,subnet-0b4c305426dd627d4,subnet-0659d04ade348a053",
            "SECURITY_GROUPS": {
              "Ref": "SecurityGroupDD263621"
            },
            "TASK_DEFINITION": {
              "Ref": "TaskDef54694570"
            }
          }
        },
        "Handler": "index.handler",
        "Runtime": "nodejs12.x",
        "Tags": [
          {
            "Key": "Project",
            "Value": "git-visualized-activity"
          },
          {
            "Key": "SourceRepo",
            "Value": "github/capraconsulting/git-visualized-activity"
          },
          {
            "Key": "StackName",
            "Value": "incub-gva-worker"
          }
        ],
        "Timeout": 60
      },
      "DependsOn": [
        "LauncherServiceRoleDefaultPolicy66697DD3",
        "LauncherServiceRoleBD2C652A"
      ],
      "Metadata": {
        "aws:cdk:path": "incub-gva-pipeline/Incubator/incub-gva-worker/Launcher/Resource"
      }
    },
    "LauncherParamACA93A7A": {
      "Type": "AWS::SSM::Parameter",
      "Properties": {
        "Type": "String",
        "Value": {
          "Fn::GetAtt": [
            "LauncherDC0405AA",
            "Arn"
          ]
        },
        "Name": "/cf/stack/incub-gva-worker/launcher-fn-arn",
        "Tags": {
          "Project": "git-visualized-activity",
          "SourceRepo": "github/capraconsulting/git-visualized-activity",
          "StackName": "incub-gva-worker"
        }
      },
      "Metadata": {
        "aws:cdk:path": "incub-gva-pipeline/Incubator/incub-gva-worker/LauncherParam/Resource"
      }
    },
    "ScheduleRuleDA5BD877": {
      "Type": "AWS::Events::Rule",
      "Properties": {
        "ScheduleExpression": "cron(0 4 * * ? *)",
        "State": "ENABLED",
        "Targets": [
          {
            "Arn": {
              "Fn::GetAtt": [
                "LauncherDC0405AA",
                "Arn"
              ]
            },
            "Id": "Target0"
          }
        ]
      },
      "Metadata": {
        "aws:cdk:path": "incub-gva-pipeline/Incubator/incub-gva-worker/ScheduleRule/Resource"
      }
    },
    "ScheduleRuleAllowEventRuleincubgvapipelineIncubatorincubgvaworkerLauncher04B2AFA356194A92": {
      "Type": "AWS::Lambda::Permission",
      "Properties": {
        "Action": "lambda:InvokeFunction",
        "FunctionName": {
          "Fn::GetAtt": [
            "LauncherDC0405AA",
            "Arn"
          ]
        },
        "Principal": "events.amazonaws.com",
        "SourceArn": {
          "Fn::GetAtt": [
            "ScheduleRuleDA5BD877",
            "Arn"
          ]
        }
      },
      "Metadata": {
        "aws:cdk:path": "incub-gva-pipeline/Incubator/incub-gva-worker/ScheduleRule/AllowEventRuleincubgvapipelineIncubatorincubgvaworkerLauncher04B2AFA3"
      }
    }
  },
  "Outputs": {
    "LauncherArn": {
      "Value": {
        "Fn::GetAtt": [
          "LauncherDC0405AA",
          "Arn"
        ]
      }
    }
  },
  "Parameters": {
    "BootstrapVersion": {
      "Type": "AWS::SSM::Parameter::Value<String>",
      "Default": "/cdk-bootstrap/liflig/version",
      "Description": "Version of the CDK Bootstrap resources in this environment, automatically retrieved from SSM Parameter Store. [cdk:skip]"
    }
  },
  "Rules": {
    "CheckBootstrapVersion": {
      "Assertions": [
        {
          "Assert": {
            "Fn::Not": [
              {
                "Fn::Contains": [
                  [
                    "1",
                    "2",
                    "3",
                    "4",
                    "5"
                  ],
                  {
                    "Ref": "BootstrapVersion"
                  }
                ]
              }
            ]
          },
          "AssertDescription": "CDK bootstrap stack version 6 required. Please run 'cdk bootstrap' with a recent version of the CDK CLI."
        }
      ]
    }
  }
}